/**
 * 
 *
 * @property int $id
 * @property string $name
 * @property \Illuminate\Support\Carbon $created_at
 * @property \Illuminate\Support\Carbon $updated_at
 */