/**
 * 
 *
 * @property string $id
 * @property string $name
 * @property string $email
 * @property string $email_verified_at
 * @property string $password
 * @property string $remember_token
 * @property string $created_at
 * @property string $updated_at
 */